2025-06-23 02:54:35 INFO  MetricsExecutor:33 - Processing: C:\Users\FRANCE~1\AppData\Local\Temp\ck_analysis\2.0.0-M3_f27898f28082a42624d7dd5c7768523ef6b16f61\openjpa-kernel\src\main\java\org\apache\openjpa\kernel\QueryImpl.java
2025-06-23 02:54:35 INFO  MetricsExecutor:40 - CKClassResult [file=C:\Users\FRANCE~1\AppData\Local\Temp\ck_analysis\2.0.0-M3_f27898f28082a42624d7dd5c7768523ef6b16f61\openjpa-kernel\src\main\java\org\apache\openjpa\kernel\QueryImpl.java, className=org.apache.openjpa.kernel.QueryImpl$MergedExecutor]
2025-06-23 02:54:40 INFO  MetricsExecutor:40 - CKClassResult [file=C:\Users\FRANCE~1\AppData\Local\Temp\ck_analysis\2.0.0-M3_f27898f28082a42624d7dd5c7768523ef6b16f61\openjpa-kernel\src\main\java\org\apache\openjpa\kernel\QueryImpl.java, className=org.apache.openjpa.kernel.QueryImpl$Compilation]
2025-06-23 02:54:40 INFO  MetricsExecutor:40 - CKClassResult [file=C:\Users\FRANCE~1\AppData\Local\Temp\ck_analysis\2.0.0-M3_f27898f28082a42624d7dd5c7768523ef6b16f61\openjpa-kernel\src\main\java\org\apache\openjpa\kernel\QueryImpl.java, className=org.apache.openjpa.kernel.QueryImpl$PackingResultObjectProvider]
2025-06-23 02:54:42 INFO  MetricsExecutor:40 - CKClassResult [file=C:\Users\FRANCE~1\AppData\Local\Temp\ck_analysis\2.0.0-M3_f27898f28082a42624d7dd5c7768523ef6b16f61\openjpa-kernel\src\main\java\org\apache\openjpa\kernel\QueryImpl.java, className=org.apache.openjpa.kernel.QueryImpl]
2025-06-24 18:38:57 ERROR MetricsExecutor:44 - error in C:\Users\FRANCE~1\AppData\Local\Temp\ck_analysis\4.2.0_7f9005baadbbf312db857be6c3d3c095fe800c54\hedwig-client\src\main\java\org\apache\hedwig\client\netty\HedwigSubscriber.java
java.lang.NullPointerException: Cannot invoke "java.util.Set.add(Object)" because the return value of "java.util.Map.get(Object)" is null
	at com.github.mauricioaniche.ck.metric.CouplingExtras.addToSetClassIn(CouplingExtras.java:29)
	at com.github.mauricioaniche.ck.metric.Coupling.addToSet(Coupling.java:308)
	at com.github.mauricioaniche.ck.metric.Coupling.coupleTo(Coupling.java:270)
	at com.github.mauricioaniche.ck.metric.Coupling.visit(Coupling.java:87)
	at com.github.mauricioaniche.ck.CKVisitor.lambda$visit$5(CKVisitor.java:89)
	at java.base/java.util.stream.ForEachOps$ForEachOp$OfRef.accept(ForEachOps.java:186)
	at java.base/java.util.stream.ReferencePipeline$3$1.accept(ReferencePipeline.java:215)
	at java.base/java.util.ArrayList$ArrayListSpliterator.forEachRemaining(ArrayList.java:1716)
	at java.base/java.util.stream.AbstractPipeline.copyInto(AbstractPipeline.java:570)
	at java.base/java.util.stream.AbstractPipeline.wrapAndCopyInto(AbstractPipeline.java:560)
	at java.base/java.util.stream.ForEachOps$ForEachOp.evaluateSequential(ForEachOps.java:153)
	at java.base/java.util.stream.ForEachOps$ForEachOp$OfRef.evaluateSequential(ForEachOps.java:176)
	at java.base/java.util.stream.AbstractPipeline.evaluate(AbstractPipeline.java:265)
	at java.base/java.util.stream.ReferencePipeline.forEach(ReferencePipeline.java:636)
	at com.github.mauricioaniche.ck.CKVisitor.visit(CKVisitor.java:89)
	at org.eclipse.jdt.core.dom.TypeDeclaration.accept0(TypeDeclaration.java:509)
	at org.eclipse.jdt.core.dom.ASTNode.accept(ASTNode.java:3055)
	at org.eclipse.jdt.core.dom.ASTNode.acceptChildren(ASTNode.java:3126)
	at org.eclipse.jdt.core.dom.CompilationUnit.accept0(CompilationUnit.java:258)
	at org.eclipse.jdt.core.dom.ASTNode.accept(ASTNode.java:3055)
	at com.github.mauricioaniche.ck.MetricsExecutor.acceptAST(MetricsExecutor.java:36)
	at org.eclipse.jdt.core.dom.CompilationUnitResolver.resolve(CompilationUnitResolver.java:1065)
	at org.eclipse.jdt.core.dom.CompilationUnitResolver.resolve(CompilationUnitResolver.java:661)
	at org.eclipse.jdt.core.dom.ASTParser.createASTs(ASTParser.java:1001)
	at com.github.mauricioaniche.ck.CK.calculate(CK.java:109)
	at com.github.mauricioaniche.ck.CK.calculate(CK.java:59)
	at com.github.mauricioaniche.ck.CK.calculate(CK.java:72)
	at project.controllers.MetricsCalculator.calculateCKMetrics(MetricsCalculator.java:643)
	at project.controllers.MetricsCalculator.lambda$processCommits$1(MetricsCalculator.java:224)
	at java.base/java.util.stream.ForEachOps$ForEachOp$OfRef.accept(ForEachOps.java:186)
	at java.base/java.util.ArrayList$ArrayListSpliterator.forEachRemaining(ArrayList.java:1716)
	at java.base/java.util.stream.AbstractPipeline.copyInto(AbstractPipeline.java:570)
	at java.base/java.util.stream.ForEachOps$ForEachTask.compute(ForEachOps.java:293)
	at java.base/java.util.concurrent.CountedCompleter.exec(CountedCompleter.java:759)
	at java.base/java.util.concurrent.ForkJoinTask.doExec(ForkJoinTask.java:507)
	at java.base/java.util.concurrent.ForkJoinPool$WorkQueue.topLevelExec(ForkJoinPool.java:1394)
	at java.base/java.util.concurrent.ForkJoinPool.runWorker(ForkJoinPool.java:1970)
	at java.base/java.util.concurrent.ForkJoinWorkerThread.run(ForkJoinWorkerThread.java:187)
